// Jest Snapshot v1, https://goo.gl/fbAQLP

exports[`IndecisionComponent.vue Tiene que hacer match con el snapshot 1`] = `
<!--v-if-->
<div class="bg-dark"></div>
<div class="indecision-container"><input type="text" placeholder="Hazme una pregunta">
  <div>
    <!--v-if-->
    <h1></h1>
  </div>
</div>
`;
